../Core/Src/main.c:90:5:main	88	static
../Core/Src/main.c:316:6:SystemClock_Config	128	static
../Core/Src/main.c:367:13:MX_ADC3_Init	48	static
../Core/Src/main.c:433:13:MX_I2C1_Init	8	static
../Core/Src/main.c:481:13:MX_SPI1_Init	8	static
../Core/Src/main.c:521:13:MX_TIM4_Init	64	static
../Core/Src/main.c:583:13:MX_USART1_UART_Init	8	static
../Core/Src/main.c:618:13:MX_USART2_UART_Init	8	static
../Core/Src/main.c:651:13:MX_DMA_Init	16	static
../Core/Src/main.c:669:13:MX_GPIO_Init	40	static
../Core/Src/main.c:722:6:Error_Handler	4	static,ignoring_inline_asm
