../Core/Src/main.c:90:5:main	88	static
../Core/Src/main.c:323:6:SystemClock_Config	128	static
../Core/Src/main.c:374:13:MX_ADC3_Init	48	static
../Core/Src/main.c:440:13:MX_I2C1_Init	8	static
../Core/Src/main.c:488:13:MX_SPI1_Init	8	static
../Core/Src/main.c:528:13:MX_TIM4_Init	64	static
../Core/Src/main.c:590:13:MX_USART1_UART_Init	8	static
../Core/Src/main.c:625:13:MX_USART2_UART_Init	8	static
../Core/Src/main.c:658:13:MX_DMA_Init	16	static
../Core/Src/main.c:676:13:MX_GPIO_Init	40	static
../Core/Src/main.c:729:6:Error_Handler	4	static,ignoring_inline_asm
